<!DOCTYPE html PUBLIC "-//W3C//DTD XHTML 1.0 Transitional//EN" "http://www.w3.org/TR/xhtml1/DTD/xhtml1-transitional.dtd">
<html 
       >
<head>
  <meta http-equiv="Content-Type" content="text/html; charset=UTF-8" />
  <title>特定の文字数でカットする関数</title>
</head>
<body>
  <p>「あいうえおかきくけ」を10文字でカットすると、「あいうえおかきくけ」</p>
  <p>「あいうえおかきくけこ」を10文字でカットすると、「あいうえおかきくけこ」</p>
  <p>「あいうえおかきくけこさし」を10文字でカットすると、「あいうえおかきくけこ」</p>
  <p>「あいうえおかきくけこ」を5文字でカットすると、「あいうえお」</p>
</body>

</html>
