<html 
       >
<head>
  <meta http-equiv="Content-Type" content="text/html; charset=UTF-8" />
  <title>prk:include Test</title>
</head>
<body>
  <p>prk:include Test: Hello World</p>
</body>
</html>
