<html >
<head>
  <meta http-equiv="Content-Type" content="text/html; charset=UTF-8" />
  <title>テスト</title>
</head>
<body>
  <p>レンダ<br/>リング<br />テスト</p>
</body>
</html>