<html >
<head>
  <meta http-equiv="Content-Type" content="text/html; charset=UTF-8" />
  <title>テスト</title>
</head>
<body>
  <h1>Html Escape Test</h1>
  <p><b>強調</b>されます。</p>
</body>
</html>