<html >
<head>
  <meta http-equiv="Content-Type" content="text/html; charset=UTF-8" />
  <meta content="pirka,テンプレートエンジン,Java,Ruby on Rails" name="keywords" />
  <title>prk:attr.content</title>
</head>
<body>
</body>
</html>