<html >
<head>
  <meta http-equiv="Content-Type" content="text/html; charset=UTF-8" />
  <title>prk:stub</title>
</head>
<body>
  <p>ここは表示されます。</p>
  
  
  
  
  
</body>
</html>