<html >
<head>
  <meta http-equiv="Content-Type" content="text/html; charset=UTF-8" />
  <title>外部参照テスト</title>
</head>
<body>
  <p>&nbsp;&lt;&gt;&copy;</p>
</body>
</html>