<html >
<head>
  <meta http-equiv="Content-Type" content="text/html; charset=UTF-8" />
  <title>エスケープテスト</title>
</head>
<body>
  <p>${name}と書けば式展開されます。</p>
</body>
</html>