<html >
<head>
  <meta http-equiv="Content-Type" content="text/html; charset=UTF-8" />
  <title>関数定義のテスト</title>
</head>
<body>
  <p>スコア:<span>10,</span><span>8,</span><span>9,</span><span>10,</span><span>8,</span></p>
  <p>平均スコア：9.0</p>
</body>

</html>
