<html >
<head>
  <meta http-equiv="Content-Type" content="text/html; charset=UTF-8" />
  <title>フォーマット関数</title>
</head>
<body>
  <p>1,234,567,890</p>
</body>

</html>
