<html >
<head>
  <meta http-equiv="Content-Type" content="text/html; charset=UTF-8" />
  <title>prk:extends Test</title>
</head>
<body>
  <div id="menu">AAA|BBB|CCC|DDD</div>
  <div id="contents">
    <div >テンプレートでオーバーライド</div>
  </div>
  <div id="footer">
    <div >フッター</div>
  </div>
</body>
</html>