<p>This paragraph has two links, <a href="http://code.google.com/">http://code.google.com/</a> <a href="http://www.yahoo.co.jp/">http://www.yahoo.co.jp/</a></p>
