<p><a href="http://code.google.com/">http://code.google.com/</a></p>
