<html >
<head>
  <meta http-equiv="Content-Type" content="text/html; charset=UTF-8" />
  <title>prk:attr.class</title>
</head>
<body>
  <h1>prk:attr.class</h1>
  <a title="会社概要" class="new" href="../index.html">会社概要</a>
</body>
</html>