<html >
<head>
  <meta http-equiv="Content-Type" content="text/html; charset=UTF-8" />
  <title>prk:attr.class</title>
</head>
<body>
  <h1>prk:attr.class</h1>
  <div class="selected">会社概要</div>
</body>
</html>