<html >
<head>
  <meta http-equiv="Content-Type" content="text/html; charset=UTF-8" />
  <title>Val</title>
  
</head>
<body>
  <p>I like Java.</p>
</body>
</html>