<html >
<head>
  <meta http-equiv="Content-Type" content="text/html; charset=UTF-8" />
  <title>Repeat Test</title>
</head>
<body>
  <p>Hello, World.</p><p>Hello, World.</p>
  <p>大切なことなので２回いいました。</p>
</body>
</html>