<?xml version="1.0" encoding="UTF-8"?>
<xml xmlns="http://www.w3.org/1999/xhtml"
       >
  <items>
    <item>Pirka</item>
  </items>
</xml>