<html >
<head>
  <meta http-equiv="Content-Type" content="text/html; charset=UTF-8" />
  <title>テスト</title>
</head>
<body>
  <p class="msg">Welcome.</p>
</body>
</html>