<html >
<head>
  <meta http-equiv="Content-Type" content="text/html; charset=UTF-8" />
  <title>Loop Test</title>
</head>
<body>
  <div>
    <span>Apple</span><span>Orange</span><span>Pine</span>
  </div>
</body>
</html>