<html >
<head>
  <meta http-equiv="Content-Type" content="text/html; charset=UTF-8" />
  <title>prk:path.href</title>
</head>
<body>
  <h1>prk:path.href</h1>
  <a href="/app_root/about.html">Pirkaについて</a>
</body>
</html>