<html >
<head>
  <meta http-equiv="Content-Type" content="text/html; charset=UTF-8" />
  <title>prk:wrap</title>
</head>
<body>
  <h1>prk:wrap</h1>
  商品名
</body>
</html>