<html >
<head>
  <meta http-equiv="Content-Type" content="text/html; charset=UTF-8" />
  <title>関数定義のテスト</title>
</head>
<body>
  <p>バリュー:127</p>
  <p>フォーマット：000127</p>
</body>

</html>
