<p>This paragraph contains <span style="font-style:italic;">italic</span> text.</p>
