<ul>
<li><a href="http://pirkaengine.org/">http://pirkaengine.org/</a></li>
<li><a href="https://pirkaengine.org/">https://pirkaengine.org/</a></li>
<li><a href="ftp://pirkaengine.org/">ftp://pirkaengine.org/</a></li>
</ul>
