<ol>
<li>One
<ul>
<li>1</li>
<li>2</li>
</ul>
</li>
<li>Two</li>
<li>Three</li>
</ol>
