<!DOCTYPE html PUBLIC "-//W3C//DTD XHTML 1.0 Transitional//EN" "http://www.w3.org/TR/xhtml1/DTD/xhtml1-transitional.dtd">
<html 
       >
<head>
  <meta http-equiv="Content-Type" content="text/html; charset=UTF-8" />
  <title>prk:attr.class</title>
</head>
<body>
  <h1>prk:attr.class</h1>
  <a title="会社概要" class="new" href="../index.html">会社概要</a>
</body>
</html>