<!DOCTYPE html PUBLIC "-//W3C//DTD XHTML 1.0 Transitional//EN" "http://www.w3.org/TR/xhtml1/DTD/xhtml1-transitional.dtd">
<html >
<head>
  <meta http-equiv="Content-Type" content="text/html; charset=UTF-8" />
  <title>prk:extends Test</title>
</head>
<body>
  <div id="menu">AAA|BBB|CCC|DDD</div>
  <div id="contents">
    <div ><h2>XXX</h2><div><p>Hello</p><p>World</p><p>Hello</p><p>World</p></div></div>
  </div>
</body>
</html>