<!DOCTYPE html PUBLIC "-//W3C//DTD XHTML 1.0 Transitional//EN" "http://www.w3.org/TR/xhtml1/DTD/xhtml1-transitional.dtd"><html        ><head>  <meta http-equiv="Content-Type" content="text/html; charset=UTF-8" />  <title>Sample: 商品一覧</title></head><body>  <h1>カテゴリ１</h1>    <ul>    <li>          商品名：ｘｘｘ、価格：200円、説明：あいうえおかきくけこ...    </li><li>          商品名：ｙｙｙ、価格：500円、説明：あいうえおか    </li>  </ul></body></html>