<!DOCTYPE html PUBLIC "-//W3C//DTD XHTML 1.0 Transitional//EN" "http://www.w3.org/TR/xhtml1/DTD/xhtml1-transitional.dtd">
<html >
<head>
  <meta http-equiv="Content-Type" content="text/html; charset=UTF-8" />
  <title>外部参照テスト</title>
</head>
<body>
  <p>&nbsp;&lt;&gt;&copy;</p>
</body>
</html>