<html >
<head>
  <meta http-equiv="Content-Type" content="text/html; charset=UTF-8" />
  <title>prk:content</title>
</head>
<body>
  <h1>prk:content</h1>
  <p>置換されました。</p>
</body>
</html>