<p>This <strong>paragraph</strong> contains <strong>strong</strong> text.</p>
