<p><a href="http://code.google.com/">http://code.google.com/</a> <a href="http://code.google.com/">Google Code</a></p>
