<!DOCTYPE html PUBLIC "-//W3C//DTD XHTML 1.0 Transitional//EN" "http://www.w3.org/TR/xhtml1/DTD/xhtml1-transitional.dtd">
<html 
       >
<head>
  <meta http-equiv="Content-Type" content="text/html; charset=UTF-8" />
  <title>Loop Test</title>
</head>
<body>
  <ul>
    <li><span>Apple</span><span>120</span></li><li><span>Orange</span><span>200</span></li><li><span>Pine</span><span>500</span></li>
  </ul>
</body>
</html>