<html >
<head>
  <meta http-equiv="Content-Type" content="text/html; charset=UTF-8" />
  <title>テスト</title>
</head>
<body>
  <h1>テストテストテスト</h1>
  <p>ここに数字が入ります。⇒2008</p>
</body>
</html>