<html >
<head>
  <meta http-equiv="Content-Type" content="text/html; charset=UTF-8" />
  <title>Expressionテスト</title>
</head>
<body>
  <p>商品.3000</p>
</body>
</html>