<html >
<head>
  <meta http-equiv="Content-Type" content="text/html; charset=UTF-8" />
  <title>Repeat Test</title>
</head>
<body>
  <p>98,000</p>
</body>
</html>