<html >
<head>
  <meta http-equiv="Content-Type" content="text/html; charset=UTF-8" />
  <title>prk:debug</title>
</head>
<body>
<p>デバック時のみ出力されます。</p>
</body>
</html>