<html >
<head>
  <meta http-equiv="Content-Type" content="text/html; charset=Shift_JIS" />
  <title>charset=Shift_JIS</title>
</head>
<body>
  <p>文字コードはShift JISです。</p>
  <p>文字コード</p>
</body>
</html>