<p><a href="http://www.google.com/"><img src="http://code.google.com/images/code_sm.png" /></a></p>
