<p><span style="text-decoration:line-through;">strikeout</span></p>
